[  0.002] --- probe start ---
[  0.002] launch: isActive=false activationPolicy=1
[  0.033] geometry after install: S visible=true button=yes window=[0,0 29x0] intersectsAScreen=true
[  0.034] geometry after install: T visible=true button=yes window=[0,0 29x0] intersectsAScreen=true
[  0.034] geometry after install: screen 0 frame=1920x1080 visible=976 safeAreaTop=0.0 auxTop=nil/nil
[  0.034] geometry after install: statusBar thickness=22.0
[  3.118] T: target/action fired — event=2(leftMouseUp) mods=0 clicks=1
[  3.211] popover shown behavior=1 activate=true — active=true key=_NSPopoverWindow title="" main=none firstResponder=KeyViewProxy
[  3.212] popover after NSApp.activate() — active=true key=_NSPopoverWindow title="" main=none firstResponder=KeyViewProxy
[  3.578] popover settled — active=true key=_NSPopoverWindow title="" main=none firstResponder=KeyViewProxy popoverWindow=_NSPopoverWindow key=true canBecomeKey=true level=25
[  3.722] popoverDidShow — active=true key=_NSPopoverWindow title="" main=none firstResponder=KeyViewProxy
[  4.520] T: target/action fired — event=4(rightMouseUp) mods=0 clicks=1
[  4.521] T: closing (was shown)
[  4.606] popoverDidClose reason=NSPopoverCloseReasonStandard — active=false key=none main=none firstResponder=none
[  5.295] T: target/action fired — event=4(rightMouseUp) mods=0 clicks=1
[  5.321] popover shown behavior=1 activate=true — active=true key=_NSPopoverWindow title="" main=none firstResponder=KeyViewProxy
[  5.328] popover after NSApp.activate() — active=true key=_NSPopoverWindow title="" main=none firstResponder=KeyViewProxy
[  5.695] popover settled — active=true key=_NSPopoverWindow title="" main=none firstResponder=KeyViewProxy popoverWindow=_NSPopoverWindow key=true canBecomeKey=true level=25
[  5.838] popoverDidShow — active=true key=_NSPopoverWindow title="" main=none firstResponder=KeyViewProxy
[  6.076] T: target/action fired — event=4(rightMouseUp) mods=0 clicks=1
[  6.077] T: closing (was shown)
[  6.516] T: target/action fired — event=2(leftMouseUp) mods=0 clicks=1
[  6.517] T: closing (was shown)
[  6.606] popoverDidClose reason=NSPopoverCloseReasonStandard — active=false key=none main=none firstResponder=none
[ 27.378] S: didBeginExpandedInterfaceSession — event=5(type5) mods=0 clicks=-
[ 27.402] popoverDidShow — active=true key=_NSPopoverWindow title="" main=none firstResponder=KeyViewProxy
[ 27.403] popover shown behavior=0 activate=false — active=true key=_NSPopoverWindow title="" main=none firstResponder=KeyViewProxy
[ 27.767] popover settled — active=true key=_NSPopoverWindow title="" main=none firstResponder=KeyViewProxy popoverWindow=_NSPopoverWindow key=true canBecomeKey=true level=25
[ 28.500] local keyDown: keyCode=53 chars="" — active=true key=_NSPopoverWindow title="" main=none firstResponder=KeyViewProxy
[ 29.319] local keyDown: keyCode=53 chars="" — active=true key=_NSPopoverWindow title="" main=none firstResponder=KeyViewProxy
[ 30.683] local keyDown: keyCode=53 chars="" — active=true key=_NSPopoverWindow title="" main=none firstResponder=KeyViewProxy
[ 31.006] T: target/action fired — event=2(leftMouseUp) mods=0 clicks=1
[ 31.006] T: closing (was shown)
[ 31.035] S: statusItemDidEndExpandedInterfaceSession animated=true — event=21(type21) mods=0 clicks=-
[ 31.539] popoverDidClose reason=NSPopoverCloseReasonStandard — active=false key=none main=none firstResponder=none
[ 32.442] T: target/action fired — event=2(leftMouseUp) mods=0 clicks=1
[ 32.477] popover shown behavior=1 activate=true — active=true key=_NSPopoverWindow title="" main=none firstResponder=KeyViewProxy
[ 32.478] popover after NSApp.activate() — active=true key=_NSPopoverWindow title="" main=none firstResponder=KeyViewProxy
[ 32.845] popover settled — active=true key=_NSPopoverWindow title="" main=none firstResponder=KeyViewProxy popoverWindow=_NSPopoverWindow key=true canBecomeKey=true level=25
[ 32.989] popoverDidShow — active=true key=_NSPopoverWindow title="" main=none firstResponder=KeyViewProxy
[ 33.894] local keyDown: keyCode=53 chars="" — active=true key=_NSPopoverWindow title="" main=none firstResponder=KeyViewProxy
[ 34.439] popoverDidClose reason=NSPopoverCloseReasonStandard — active=false key=none main=none firstResponder=none
[ 34.941] S: didBeginExpandedInterfaceSession — event=5(type5) mods=0 clicks=-
[ 34.966] popoverDidShow — active=true key=_NSPopoverWindow title="" main=none firstResponder=KeyViewProxy
[ 34.966] popover shown behavior=0 activate=false — active=true key=_NSPopoverWindow title="" main=none firstResponder=KeyViewProxy
[ 35.331] popover settled — active=true key=_NSPopoverWindow title="" main=none firstResponder=KeyViewProxy popoverWindow=_NSPopoverWindow key=true canBecomeKey=true level=25
[ 35.362] local keyDown: keyCode=53 chars="" — active=true key=_NSPopoverWindow title="" main=none firstResponder=KeyViewProxy
[ 36.744] local keyDown: keyCode=53 chars="" — active=true key=_NSPopoverWindow title="" main=none firstResponder=KeyViewProxy
[ 38.768] local keyDown: keyCode=53 chars="" — active=true key=_NSPopoverWindow title="" main=none firstResponder=KeyViewProxy
[ 39.372] local keyDown: keyCode=53 chars="" — active=true key=_NSPopoverWindow title="" main=none firstResponder=KeyViewProxy
[ 40.630] local keyDown: keyCode=53 chars="" — active=true key=_NSPopoverWindow title="" main=none firstResponder=KeyViewProxy
[ 41.522] local keyDown: keyCode=53 chars="" — active=true key=_NSPopoverWindow title="" main=none firstResponder=KeyViewProxy
[ 43.339] local keyDown: keyCode=53 chars="" — active=true key=_NSPopoverWindow title="" main=none firstResponder=KeyViewProxy
[ 46.862] S: target/action FIRED — event=4(rightMouseUp) mods=0 clicks=1 session=live
[ 49.245] T: target/action fired — event=2(leftMouseUp) mods=0 clicks=1
[ 49.245] T: closing (was shown)
[ 49.280] S: statusItemDidEndExpandedInterfaceSession animated=true — event=2(leftMouseUp) mods=0 clicks=1
[ 49.773] popoverDidClose reason=NSPopoverCloseReasonStandard — active=false key=none main=none firstResponder=none
[ 50.652] T: target/action fired — event=2(leftMouseUp) mods=0 clicks=1
[ 50.686] popover shown behavior=1 activate=true — active=true key=_NSPopoverWindow title="" main=none firstResponder=KeyViewProxy
[ 50.687] popover after NSApp.activate() — active=true key=_NSPopoverWindow title="" main=none firstResponder=KeyViewProxy
[ 51.051] popover settled — active=true key=_NSPopoverWindow title="" main=none firstResponder=KeyViewProxy popoverWindow=_NSPopoverWindow key=true canBecomeKey=true level=25
[ 51.174] local keyDown: keyCode=53 chars="" — active=true key=_NSPopoverWindow title="" main=none firstResponder=KeyViewProxy
[ 51.174] popoverDidShow — active=true key=_NSPopoverWindow title="" main=none firstResponder=KeyViewProxy
[ 51.706] popoverDidClose reason=NSPopoverCloseReasonStandard — active=false key=none main=none firstResponder=none
[ 51.767] T: target/action fired — event=2(leftMouseUp) mods=0 clicks=1
[ 51.795] popover shown behavior=1 activate=true — active=true key=_NSPopoverWindow title="" main=none firstResponder=KeyViewProxy
[ 51.796] popover after NSApp.activate() — active=true key=_NSPopoverWindow title="" main=none firstResponder=KeyViewProxy
[ 52.163] popover settled — active=true key=_NSPopoverWindow title="" main=none firstResponder=KeyViewProxy popoverWindow=_NSPopoverWindow key=true canBecomeKey=true level=25
[ 52.306] popoverDidShow — active=true key=_NSPopoverWindow title="" main=none firstResponder=KeyViewProxy
[ 52.782] local keyDown: keyCode=53 chars="" — active=true key=_NSPopoverWindow title="" main=none firstResponder=KeyViewProxy
[ 53.339] popoverDidClose reason=NSPopoverCloseReasonStandard — active=false key=none main=none firstResponder=none
[ 53.717] S: didBeginExpandedInterfaceSession — event=5(type5) mods=0 clicks=-
[ 53.742] popoverDidShow — active=true key=_NSPopoverWindow title="" main=none firstResponder=KeyViewProxy
[ 53.742] popover shown behavior=0 activate=false — active=true key=_NSPopoverWindow title="" main=none firstResponder=KeyViewProxy
[ 54.109] popover settled — active=true key=_NSPopoverWindow title="" main=none firstResponder=KeyViewProxy popoverWindow=_NSPopoverWindow key=true canBecomeKey=true level=25
[ 64.051] T: target/action fired — event=2(leftMouseUp) mods=0 clicks=1
[ 64.052] T: closing (was shown)
[ 64.078] S: statusItemDidEndExpandedInterfaceSession animated=true — event=2(leftMouseUp) mods=0 clicks=1
[ 64.573] popoverDidClose reason=NSPopoverCloseReasonStandard — active=false key=none main=none firstResponder=none
[ 73.931] S: target/action FIRED — event=4(rightMouseUp) mods=0 clicks=1 session=nil
[ 74.856] S: didBeginExpandedInterfaceSession — event=5(type5) mods=0 clicks=-
[ 74.883] popoverDidShow — active=true key=_NSPopoverWindow title="" main=none firstResponder=KeyViewProxy
[ 74.884] popover shown behavior=0 activate=false — active=true key=_NSPopoverWindow title="" main=none firstResponder=KeyViewProxy
[ 75.250] popover settled — active=true key=_NSPopoverWindow title="" main=none firstResponder=KeyViewProxy popoverWindow=_NSPopoverWindow key=true canBecomeKey=true level=25
[ 76.517] T: target/action fired — event=2(leftMouseUp) mods=0 clicks=1
[ 76.518] T: closing (was shown)
[ 76.547] S: statusItemDidEndExpandedInterfaceSession animated=true — event=21(type21) mods=0 clicks=-
[ 77.056] popoverDidClose reason=NSPopoverCloseReasonStandard — active=false key=none main=none firstResponder=none
[ 77.280] S: target/action FIRED — event=4(rightMouseUp) mods=0 clicks=1 session=nil
[ 77.743] S: target/action FIRED — event=4(rightMouseUp) mods=0 clicks=1 session=nil
[ 78.135] S: target/action FIRED — event=4(rightMouseUp) mods=0 clicks=1 session=nil
[ 78.391] S: target/action FIRED — event=4(rightMouseUp) mods=0 clicks=1 session=nil
[ 78.594] S: target/action FIRED — event=4(rightMouseUp) mods=0 clicks=1 session=nil
[ 78.933] T: target/action fired — event=4(rightMouseUp) mods=0 clicks=1
[ 78.964] popover shown behavior=1 activate=true — active=true key=_NSPopoverWindow title="" main=none firstResponder=KeyViewProxy
[ 78.965] popover after NSApp.activate() — active=true key=_NSPopoverWindow title="" main=none firstResponder=KeyViewProxy
[ 79.330] popover settled — active=true key=_NSPopoverWindow title="" main=none firstResponder=KeyViewProxy popoverWindow=_NSPopoverWindow key=true canBecomeKey=true level=25
[ 79.472] popoverDidShow — active=true key=_NSPopoverWindow title="" main=none firstResponder=KeyViewProxy
[ 80.876] local keyDown: keyCode=126 chars="" — active=true key=_NSPopoverWindow title="" main=none firstResponder=KeyViewProxy
[ 81.206] local keyDown: keyCode=126 chars="" — active=true key=_NSPopoverWindow title="" main=none firstResponder=KeyViewProxy
[ 81.431] local keyDown: keyCode=125 chars="" — active=true key=_NSPopoverWindow title="" main=none firstResponder=KeyViewProxy
[ 81.641] local keyDown: keyCode=125 chars="" — active=true key=_NSPopoverWindow title="" main=none firstResponder=KeyViewProxy
[ 81.837] local keyDown: keyCode=125 chars="" — active=true key=_NSPopoverWindow title="" main=none firstResponder=KeyViewProxy
[ 82.035] local keyDown: keyCode=125 chars="" — active=true key=_NSPopoverWindow title="" main=none firstResponder=KeyViewProxy
[ 82.374] local keyDown: keyCode=126 chars="" — active=true key=_NSPopoverWindow title="" main=none firstResponder=KeyViewProxy
[ 82.631] local keyDown: keyCode=126 chars="" — active=true key=_NSPopoverWindow title="" main=none firstResponder=KeyViewProxy
[ 82.885] local keyDown: keyCode=126 chars="" — active=true key=_NSPopoverWindow title="" main=none firstResponder=KeyViewProxy
[ 85.841] local keyDown: keyCode=125 chars="" — active=true key=_NSPopoverWindow title="" main=none firstResponder=KeyViewProxy
[ 86.275] local keyDown: keyCode=125 chars="" — active=true key=_NSPopoverWindow title="" main=none firstResponder=KeyViewProxy
[ 88.807] S: didBeginExpandedInterfaceSession — event=5(type5) mods=0 clicks=-
[ 88.823] popover shown behavior=0 activate=false — active=true key=_NSPopoverWindow title="" main=none firstResponder=KeyViewProxy
[ 89.190] popover settled — active=true key=_NSPopoverWindow title="" main=none firstResponder=KeyViewProxy popoverWindow=_NSPopoverWindow key=true canBecomeKey=true level=25
[ 89.665] local keyDown: keyCode=0 chars="a" — active=true key=_NSPopoverWindow title="" main=none firstResponder=KeyViewProxy
[ 90.123] local keyDown: keyCode=53 chars="" — active=true key=_NSPopoverWindow title="" main=none firstResponder=KeyViewProxy
[ 91.277] T: target/action fired — event=2(leftMouseUp) mods=0 clicks=1
[ 91.278] T: closing (was shown)
[ 91.297] S: statusItemDidEndExpandedInterfaceSession animated=true — event=21(type21) mods=0 clicks=-
[ 91.806] popoverDidClose reason=NSPopoverCloseReasonStandard — active=false key=none main=none firstResponder=none
[ 92.261] S: target/action FIRED — event=4(rightMouseUp) mods=0 clicks=1 session=nil
[ 92.898] S: target/action FIRED — event=4(rightMouseUp) mods=0 clicks=1 session=nil
[ 93.087] S: target/action FIRED — event=4(rightMouseUp) mods=0 clicks=1 session=nil
[ 93.735] S: didBeginExpandedInterfaceSession — event=5(type5) mods=0 clicks=-
[ 93.751] popoverDidShow — active=true key=_NSPopoverWindow title="" main=none firstResponder=KeyViewProxy
[ 93.752] popover shown behavior=0 activate=false — active=true key=_NSPopoverWindow title="" main=none firstResponder=KeyViewProxy
[ 94.118] popover settled — active=true key=_NSPopoverWindow title="" main=none firstResponder=KeyViewProxy popoverWindow=_NSPopoverWindow key=true canBecomeKey=true level=25
[ 95.665] local keyDown: keyCode=125 chars="" — active=true key=_NSPopoverWindow title="" main=none firstResponder=KeyViewProxy
[ 95.860] local keyDown: keyCode=125 chars="" — active=true key=_NSPopoverWindow title="" main=none firstResponder=KeyViewProxy
[ 96.073] local keyDown: keyCode=126 chars="" — active=true key=_NSPopoverWindow title="" main=none firstResponder=KeyViewProxy
[ 96.265] local keyDown: keyCode=126 chars="" — active=true key=_NSPopoverWindow title="" main=none firstResponder=KeyViewProxy
[ 96.446] local keyDown: keyCode=126 chars="" — active=true key=_NSPopoverWindow title="" main=none firstResponder=KeyViewProxy
[ 96.670] local keyDown: keyCode=125 chars="" — active=true key=_NSPopoverWindow title="" main=none firstResponder=KeyViewProxy
[ 96.850] local keyDown: keyCode=125 chars="" — active=true key=_NSPopoverWindow title="" main=none firstResponder=KeyViewProxy
[ 97.150] local keyDown: keyCode=125 chars="" — active=true key=_NSPopoverWindow title="" main=none firstResponder=KeyViewProxy
[ 97.180] local keyDown: keyCode=18 chars="1" — active=true key=_NSPopoverWindow title="" main=none firstResponder=KeyViewProxy
[ 97.330] local keyDown: keyCode=19 chars="2" — active=true key=_NSPopoverWindow title="" main=none firstResponder=KeyViewProxy
[ 97.783] local keyDown: keyCode=0 chars="a" — active=true key=_NSPopoverWindow title="" main=none firstResponder=KeyViewProxy
[ 98.816] local keyDown: keyCode=9 chars="v" — active=true key=_NSPopoverWindow title="" main=none firstResponder=KeyViewProxy
[101.140] S: target/action FIRED — event=4(rightMouseUp) mods=0 clicks=1 session=live
[115.645] local keyDown: keyCode=53 chars="" — active=true key=_NSPopoverWindow title="" main=none firstResponder=KeyViewProxy
[117.952] T: target/action fired — event=2(leftMouseUp) mods=0 clicks=1
[117.953] T: closing (was shown)
[117.977] S: statusItemDidEndExpandedInterfaceSession animated=true — event=21(type21) mods=0 clicks=-
[118.489] popoverDidClose reason=NSPopoverCloseReasonStandard — active=false key=none main=none firstResponder=none
[118.629] T: target/action fired — event=2(leftMouseUp) mods=0 clicks=1
[118.659] popover shown behavior=1 activate=true — active=true key=_NSPopoverWindow title="" main=none firstResponder=KeyViewProxy
[118.660] popover after NSApp.activate() — active=true key=_NSPopoverWindow title="" main=none firstResponder=KeyViewProxy
[119.027] popover settled — active=true key=_NSPopoverWindow title="" main=none firstResponder=KeyViewProxy popoverWindow=_NSPopoverWindow key=true canBecomeKey=true level=25
[119.173] popoverDidShow — active=true key=_NSPopoverWindow title="" main=none firstResponder=KeyViewProxy
[120.341] local keyDown: keyCode=125 chars="" — active=true key=_NSPopoverWindow title="" main=none firstResponder=KeyViewProxy
[121.856] local keyDown: keyCode=53 chars="" — active=true key=_NSPopoverWindow title="" main=none firstResponder=KeyViewProxy
[122.406] popoverDidClose reason=NSPopoverCloseReasonStandard — active=false key=none main=none firstResponder=none
[128.866] T: target/action fired — event=2(leftMouseUp) mods=0 clicks=1
[128.893] popover shown behavior=1 activate=true — active=true key=_NSPopoverWindow title="" main=none firstResponder=KeyViewProxy
[128.894] popover after NSApp.activate() — active=true key=_NSPopoverWindow title="" main=none firstResponder=KeyViewProxy
[129.262] popover settled — active=true key=_NSPopoverWindow title="" main=none firstResponder=KeyViewProxy popoverWindow=_NSPopoverWindow key=true canBecomeKey=true level=25
[129.406] popoverDidShow — active=true key=_NSPopoverWindow title="" main=none firstResponder=KeyViewProxy
[131.649] local keyDown: keyCode=53 chars="" — active=true key=_NSPopoverWindow title="" main=none firstResponder=KeyViewProxy
[132.190] popoverDidClose reason=NSPopoverCloseReasonStandard — active=false key=none main=none firstResponder=none
[144.308] T: target/action fired — event=2(leftMouseUp) mods=0 clicks=1
[144.329] popover shown behavior=1 activate=true — active=true key=_NSPopoverWindow title="" main=none firstResponder=KeyViewProxy
[144.330] popover after NSApp.activate() — active=true key=_NSPopoverWindow title="" main=none firstResponder=KeyViewProxy
[144.697] popover settled — active=true key=_NSPopoverWindow title="" main=none firstResponder=KeyViewProxy popoverWindow=_NSPopoverWindow key=true canBecomeKey=true level=25
[144.840] popoverDidShow — active=true key=_NSPopoverWindow title="" main=none firstResponder=KeyViewProxy
[145.551] hiding both items for 8s
[145.551] geometry while hidden: S visible=false button=yes window=[1380,1050 29x30] intersectsAScreen=true
[145.551] geometry while hidden: T visible=false button=yes window=[1351,1050 29x30] intersectsAScreen=true
[145.551] geometry while hidden: screen 0 frame=1920x1080 visible=976 safeAreaTop=0.0 auxTop=nil/nil
[145.551] geometry while hidden: statusBar thickness=22.0
[153.954] items restored
[153.954] geometry after restore: S visible=true button=yes window=[1380,1050 29x30] intersectsAScreen=true
[153.955] geometry after restore: T visible=true button=yes window=[1380,1050 29x30] intersectsAScreen=true
[153.955] geometry after restore: screen 0 frame=1920x1080 visible=976 safeAreaTop=0.0 auxTop=nil/nil
[153.955] geometry after restore: statusBar thickness=22.0
[180.774] popoverDidClose reason=NSPopoverCloseReasonStandard — active=false key=none main=none firstResponder=none
